e:\git fork\gameserver\gameserver\servercore\x64\debug\servercore.pch
e:\git fork\gameserver\gameserver\libraries\debug\servercore.pdb
e:\git fork\gameserver\gameserver\libraries\debug\servercore.idb
e:\git fork\gameserver\gameserver\servercore\x64\debug\pch.obj
e:\git fork\gameserver\gameserver\servercore\x64\debug\threadmanager.obj
e:\git fork\gameserver\gameserver\servercore\x64\debug\socketutils.obj
e:\git fork\gameserver\gameserver\servercore\x64\debug\session.obj
e:\git fork\gameserver\gameserver\servercore\x64\debug\service.obj
e:\git fork\gameserver\gameserver\servercore\x64\debug\refcountable.obj
e:\git fork\gameserver\gameserver\servercore\x64\debug\netaddress.obj
e:\git fork\gameserver\gameserver\servercore\x64\debug\memorypool.obj
e:\git fork\gameserver\gameserver\servercore\x64\debug\memory.obj
e:\git fork\gameserver\gameserver\servercore\x64\debug\lock.obj
e:\git fork\gameserver\gameserver\servercore\x64\debug\listener.obj
e:\git fork\gameserver\gameserver\servercore\x64\debug\iocpevent.obj
e:\git fork\gameserver\gameserver\servercore\x64\debug\iocpcore.obj
e:\git fork\gameserver\gameserver\servercore\x64\debug\deadlockprofiler.obj
e:\git fork\gameserver\gameserver\servercore\x64\debug\coretls.obj
e:\git fork\gameserver\gameserver\servercore\x64\debug\corepch.obj
e:\git fork\gameserver\gameserver\servercore\x64\debug\coreglobal.obj
e:\git fork\gameserver\gameserver\servercore\x64\debug\allocator.obj
e:\git fork\gameserver\gameserver\libraries\debug\servercore.lib
e:\git fork\gameserver\gameserver\servercore\x64\debug\servercore.tlog\cl.command.1.tlog
e:\git fork\gameserver\gameserver\servercore\x64\debug\servercore.tlog\cl.items.tlog
e:\git fork\gameserver\gameserver\servercore\x64\debug\servercore.tlog\cl.read.1.tlog
e:\git fork\gameserver\gameserver\servercore\x64\debug\servercore.tlog\cl.write.1.tlog
e:\git fork\gameserver\gameserver\servercore\x64\debug\servercore.tlog\lib-link.read.1.tlog
e:\git fork\gameserver\gameserver\servercore\x64\debug\servercore.tlog\lib-link.write.1.tlog
e:\git fork\gameserver\gameserver\servercore\x64\debug\servercore.tlog\lib.command.1.tlog
